// Jest Snapshot v1, https://goo.gl/fbAQLP

exports[`Select Component Select component matches snapshot 1`] = `
<DocumentFragment>
  <div
    class="select-container"
  >
    <label
      for="test-select-snapshot"
      id="test-select-snapshot-label"
    >
      Test Select
    </label>
    <select
      aria-controls="test-select-snapshot-options"
      aria-expanded="false"
      aria-labelledby="test-select-snapshot-label"
      class="select"
      id="test-select-snapshot"
      name="test-select-snapshot"
    >
      <option
        aria-placeholder="true"
        class="select__placeholder"
        value=""
      >
        Select an option
      </option>
      <option
        aria-selected="false"
        class="select__option"
        value="1"
      >
        Option 1
      </option>
      <option
        aria-selected="false"
        class="select__option"
        value="2"
      >
        Option 2
      </option>
    </select>
  </div>
</DocumentFragment>
`;
